---
source: src/filter/openapi.rs
expression: filtered_api
---
{
  "openapi": "3.0.0",
  "info": {
    "title": "User Management API",
    "version": "1.0.0"
  },
  "paths": {},
  "components": {}
}
