---
source: src/filter/openapi.rs
expression: filtered_api
---
{
  "openapi": "3.0.3",
  "info": {
    "title": "Swagger Petstore - OpenAPI 3.0",
    "description": "This is a sample Pet Store Server based on the OpenAPI 3.0 specification.  You can find out more about\nSwagger at [https://swagger.io](https://swagger.io). In the third iteration of the pet store, we've switched to the design first approach!\nYou can now help us improve the API whether it's by making changes to the definition itself or to the code.\nThat way, with time, we can improve the API in general, and expose some of the new features in OAS3.\n\n_If you're looking for the Swagger 2.0/OAS 2.0 version of Petstore, then click [here](https://editor.swagger.io/?url=https://petstore.swagger.io/v2/swagger.yaml). Alternatively, you can load via the `Edit > Load Petstore OAS 2.0` menu option!_\n\nSome useful links:\n- [The Pet Store repository](https://github.com/swagger-api/swagger-petstore)\n- [The source API definition for the Pet Store](https://github.com/swagger-api/swagger-petstore/blob/master/src/main/resources/openapi.yaml)",
    "termsOfService": "http://swagger.io/terms/",
    "contact": {
      "email": "apiteam@swagger.io"
    },
    "license": {
      "name": "Apache 2.0",
      "url": "http://www.apache.org/licenses/LICENSE-2.0.html"
    },
    "version": "1.0.11"
  },
  "servers": [
    {
      "url": "https://petstore3.swagger.io/api/v3"
    }
  ],
  "paths": {
    "/pet/{petId}": {
      "get": {
        "tags": [
          "pet"
        ],
        "summary": "Find pet by ID",
        "description": "Returns a single pet",
        "operationId": "getPetById",
        "parameters": [
          {
            "in": "path",
            "name": "petId",
            "description": "ID of pet to return",
            "required": true,
            "schema": {
              "type": "integer",
              "format": "int64"
            },
            "style": "simple"
          }
        ],
        "responses": {
          "200": {
            "description": "successful operation",
            "content": {
              "application/json": {
                "schema": {
                  "$ref": "#/components/schemas/Pet"
                }
              },
              "application/xml": {
                "schema": {
                  "$ref": "#/components/schemas/Pet"
                }
              }
            }
          },
          "400": {
            "description": "Invalid ID supplied"
          },
          "404": {
            "description": "Pet not found"
          }
        },
        "security": [
          {
            "api_key": []
          },
          {
            "petstore_auth": [
              "write:pets",
              "read:pets"
            ]
          }
        ]
      }
    }
  },
  "components": {
    "schemas": {
      "Category": {
        "type": "object",
        "properties": {
          "id": {
            "example": 1,
            "type": "integer",
            "format": "int64"
          },
          "name": {
            "example": "Dogs",
            "type": "string"
          }
        }
      },
      "Pet": {
        "type": "object",
        "properties": {
          "category": {
            "$ref": "#/components/schemas/Category"
          },
          "id": {
            "example": 10,
            "type": "integer",
            "format": "int64"
          },
          "name": {
            "example": "doggie",
            "type": "string"
          },
          "photoUrls": {
            "type": "array",
            "items": {
              "type": "string"
            }
          },
          "status": {
            "description": "pet status in the store",
            "type": "string",
            "enum": [
              "available",
              "pending",
              "sold"
            ]
          },
          "tags": {
            "type": "array",
            "items": {
              "$ref": "#/components/schemas/Tag"
            }
          }
        },
        "required": [
          "name",
          "photoUrls"
        ]
      },
      "Tag": {
        "type": "object",
        "properties": {
          "id": {
            "type": "integer",
            "format": "int64"
          },
          "name": {
            "type": "string"
          }
        }
      }
    },
    "securitySchemes": {
      "petstore_auth": {
        "type": "oauth2",
        "flows": {
          "implicit": {
            "authorizationUrl": "https://petstore3.swagger.io/oauth/authorize",
            "scopes": {
              "write:pets": "modify pets in your account",
              "read:pets": "read your pets"
            }
          }
        }
      },
      "api_key": {
        "type": "apiKey",
        "in": "header",
        "name": "api_key"
      }
    }
  },
  "tags": [
    {
      "name": "pet",
      "description": "Everything about your Pets",
      "externalDocs": {
        "description": "Find out more",
        "url": "http://swagger.io"
      }
    }
  ],
  "externalDocs": {
    "description": "Find out more about Swagger",
    "url": "http://swagger.io"
  }
}
